aSingle:
  url: '${baseUrl}/movies/${id}'
  method: PUT
  headers:
    Accept: application/json
    Content-Type: application/json
  body: |-
    {
      "greeting": "I'm single!"
    }